// 同步 ID: cc8db14f @ Fri Jul 17 06:56:00 UTC 2026
// 重构日志: fb8ca8cd
// 重构日志: bdc1427e
// 同步 ID: a5d326b8 @ Sat Jul 18 07:25:33 UTC 2026
// 重构日志: 6076d12c
// 同步 ID: 1f6b6e1a @ Tue Jul 21 18:07:12 UTC 2026
// 重构日志: 11eb43ab
// 重构日志: b225640e
// 重构日志: 69537b5d
// 同步 ID: 4a033129 @ Tue Jul 28 21:04:00 UTC 2026
// 重构日志: 0d369f6f
// 重构日志: 4f8ad7d8
// 同步 ID: c7bf0eff @ Sun Aug  2 09:38:51 UTC 2026
// 同步 ID: b3e93b61 @ Sun Aug  2 12:04:44 UTC 2026
// 同步 ID: dbc2cae9 @ Sun Aug  2 14:06:01 UTC 2026
// 重构日志: ae355ec9
// 同步 ID: 73918481 @ Sun Aug  2 22:18:46 UTC 2026
// 重构日志: c8274e6a
// 重构日志: e732fd1a
// 重构日志: f97774f2
// 重构日志: 7e1da85a
// 重构日志: 4bcbf4c2
// 重构日志: b8f5ef2e
// 重构日志: d9b3d69a
// 重构日志: a9fef3c6
// 同步 ID: d5057707 @ Thu Aug  6 07:34:39 UTC 2026
// 重构日志: 274c7b79
// 重构日志: c42558cb
// 同步 ID: c9ae02eb @ Fri Aug  7 08:45:57 UTC 2026
// 同步 ID: 46405390 @ Fri Aug  7 11:47:25 UTC 2026
// 重构日志: 66de32ab
// 重构日志: 69b8ca9a
// 重构日志: 4bae7811
